{
    "-profile test": {
        "content": [
            170,
            {
                "ADJUST_MAXBIN2_EXT": {
                    "coreutils": null
                },
                "BIN_SUMMARY": {
                    "python": "3.10.6",
                    "pandas": "1.4.3"
                },
                "BOWTIE2_ASSEMBLY_ALIGN": {
                    "bowtie2": "2.4.2",
                    "samtools": 1.11,
                    "pigz": "2.3.4"
                },
                "BOWTIE2_ASSEMBLY_BUILD": {
                    "bowtie2": "2.4.2"
                },
                "BOWTIE2_PHIX_REMOVAL_ALIGN": {
                    "bowtie2": "2.4.2"
                },
                "BOWTIE2_PHIX_REMOVAL_BUILD": {
                    "bowtie2": "2.4.2"
                },
                "BUSCO_BUSCO": {
                    "busco": "6.0.0"
                },
                "BUSCO_UNTAR": {
                    "untar": 1.34
                },
                "CATPACK_ADDNAMES_BINS": {
                    "catpack": 6.0
                },
                "CATPACK_BINS": {
                    "catpack": 6.0
                },
                "CATPACK_SUMMARISE_BINS": {
                    "catpack": 6.0
                },
                "CAT_DB_UNTAR": {
                    "untar": 1.34
                },
                "CAT_FASTQ": {
                    "cat": 9.5
                },
                "CONCAT_BINQC_TSV": {
                    "csvtk": "0.31.0"
                },
                "CONVERT_DEPTHS": {
                    "bioawk": 20110810
                },
                "FASTP": {
                    "fastp": "0.23.4"
                },
                "FASTQC_RAW": {
                    "fastqc": "0.12.1"
                },
                "FASTQC_TRIMMED": {
                    "fastqc": "0.12.1"
                },
                "GTDBTK_CLASSIFYWF": {
                    "gtdbtk": "2.4.0"
                },
                "GTDBTK_DB_PREPARATION": {
                    "tar": 1.3
                },
                "GTDBTK_SUMMARY": {
                    "python": "3.10.6",
                    "pandas": "1.4.3"
                },
                "GUNZIP_BINS": {
                    "gunzip": 1.13
                },
                "GUNZIP_SHORTREAD_ASSEMBLIES": {
                    "gunzip": 1.13
                },
                "GUNZIP_UNBINS": {
                    "gunzip": 1.13
                },
                "MAG_DEPTHS": {
                    "python": "3.6.7",
                    "pandas": "1.1.5"
                },
                "MAG_DEPTHS_PLOT": {
                    "python": "3.9.6",
                    "pandas": "1.3.0",
                    "seaborn": "0.11.0"
                },
                "MAG_DEPTHS_SUMMARY": {
                    "python": "3.10.6",
                    "pandas": "1.4.3"
                },
                "MAXBIN2": {
                    "maxbin2": "2.2.7"
                },
                "MEGAHIT": {
                    "megahit": "1.2.9"
                },
                "METABAT2_JGISUMMARIZEBAMCONTIGDEPTHS_SHORTREAD": {
                    "metabat2": 2.15
                },
                "METABAT2_METABAT2": {
                    "metabat2": 2.17
                },
                "METASPADES": {
                    "spades": "4.1.0"
                },
                "PRODIGAL": {
                    "prodigal": "2.6.3",
                    "pigz": 2.6
                },
                "PROKKA": {
                    "prokka": "1.14.6"
                },
                "QUAST": {
                    "python": "3.7.6",
                    "metaquast": "5.0.2"
                },
                "QUAST_BINS": {
                    "python": "3.7.6",
                    "metaquast": "5.0.2"
                },
                "QUAST_BINS_SUMMARY": {
                    "sed": 4.7
                },
                "SEQKIT_STATS": {
                    "seqkit": "2.9.0"
                },
                "SPLIT_FASTA": {
                    "python": "3.6.7",
                    "biopython": "1.7.4",
                    "pandas": "1.1.5"
                },
                "Workflow": {
                    "nf-core/mag": "v4.1.0dev"
                }
            }
        ],
        "meta": {
            "nf-test": "0.9.2",
            "nextflow": "25.04.6"
        },
        "timestamp": "2025-08-25T16:18:10.491284064"
    }
}