{
    "homo_sapiens - csv": {
        "content": [
            {
                "0": [
                    [
                        {
                            "id": "test"
                        },
                        "test_pydamage_summarised.csv:md5,d497b394b32609778351527fc7fe16d2"
                    ]
                ],
                "1": [
                    "versions.yml:md5,8bf54a3cd6f2078212d496790c573191"
                ],
                "summary_csv": [
                    [
                        {
                            "id": "test"
                        },
                        "test_pydamage_summarised.csv:md5,d497b394b32609778351527fc7fe16d2"
                    ]
                ],
                "versions": [
                    "versions.yml:md5,8bf54a3cd6f2078212d496790c573191"
                ]
            }
        ],
        "meta": {
            "nf-test": "0.9.2",
            "nextflow": "25.04.6"
        },
        "timestamp": "2025-08-19T13:53:19.753209317"
    },
    "homo_sapiens - csv - stub": {
        "content": [
            {
                "0": [
                    [
                        {
                            "id": "test"
                        },
                        "test_pydamage_summarised.csv:md5,d41d8cd98f00b204e9800998ecf8427e"
                    ]
                ],
                "1": [
                    "versions.yml:md5,8bf54a3cd6f2078212d496790c573191"
                ],
                "summary_csv": [
                    [
                        {
                            "id": "test"
                        },
                        "test_pydamage_summarised.csv:md5,d41d8cd98f00b204e9800998ecf8427e"
                    ]
                ],
                "versions": [
                    "versions.yml:md5,8bf54a3cd6f2078212d496790c573191"
                ]
            }
        ],
        "meta": {
            "nf-test": "0.9.2",
            "nextflow": "25.04.6"
        },
        "timestamp": "2025-08-19T13:53:32.312662338"
    }
}